Reference --print-sema snapshot for main.k. NOT checked by lit (the
FileCheck lines in main.k are the assertions); this is here so a diff
shows at a glance what a change to phase I / N / CB did to the whole
dump, not just to the lines someone thought to assert.

Regenerate from the repo root with:
  kairo Tests/Sema/Imports/imports_all_forms/main.k --type-check-only --print-sema \
    2>/dev/null | sed "s|$PWD/||g" > Tests/Sema/Imports/imports_all_forms/main.sema.golden

--------------------------------------------------------------------------
-- sema: Tests/Sema/Imports/imports_all_forms/main.k --
===== SEMA fid 5: Tests/Sema/Imports/imports_all_forms/u2.k =====
phase: Checked
-- lang items (well_known) --
  (none bound: no prelude in scope for this TU   expected, not an error)
-- scope symbol tables (what each scope declares) --
  <tu>   [1 name(s)]
    util        -> module util @ 8:5
  <tu>::util   [1 name(s)]
    two         -> fn two @ 9:9
-- multi-decl names (overload sets / redecl chains) --
-- out-of-line definitions --
  (none)
-- lexical scopes (declarations & shadowing) --
  fn util::two  @ 9:9
-- name bindings --
  (no identifier uses)
-- expression types --
  <tu>::util::two
    IntegerLiteralExpr      @ 9:34     : i32
  1 typed, 0 unknown, 0 errored
-- inferred decls --
  (none: every declaration wrote its own type)
-- types --
  1 type node(s): 1 canonical, 0 of them dependent, 0 errored
-- summary --
  0 bound, 0 deferred (overload sets), 0 unresolved

===== SEMA fid 4: Tests/Sema/Imports/imports_all_forms/u1.k =====
phase: Checked
-- lang items (well_known) --
  (none bound: no prelude in scope for this TU   expected, not an error)
-- scope symbol tables (what each scope declares) --
  <tu>   [1 name(s)]
    util        -> module util @ 7:5
  <tu>::util   [1 name(s)]
    one         -> fn one @ 8:9
-- multi-decl names (overload sets / redecl chains) --
-- out-of-line definitions --
  (none)
-- lexical scopes (declarations & shadowing) --
  fn util::one  @ 8:9
-- name bindings --
  (no identifier uses)
-- expression types --
  <tu>::util::one
    IntegerLiteralExpr      @ 8:34     : i32
  1 typed, 0 unknown, 0 errored
-- inferred decls --
  (none: every declaration wrote its own type)
-- types --
  1 type node(s): 1 canonical, 0 of them dependent, 0 errored
-- summary --
  0 bound, 0 deferred (overload sets), 0 unresolved

===== SEMA fid 3: Tests/Sema/Imports/imports_all_forms/baz.k =====
phase: Checked
-- lang items (well_known) --
  (none bound: no prelude in scope for this TU   expected, not an error)
-- scope symbol tables (what each scope declares) --
  <tu>   [1 name(s)]
    h           -> fn h @ 8:5
-- multi-decl names (overload sets / redecl chains) --
-- out-of-line definitions --
  (none)
-- lexical scopes (declarations & shadowing) --
  fn h  @ 8:5
-- name bindings --
  (no identifier uses)
-- expression types --
  <tu>::h
    IntegerLiteralExpr      @ 8:28     : i32
  1 typed, 0 unknown, 0 errored
-- inferred decls --
  (none: every declaration wrote its own type)
-- types --
  1 type node(s): 1 canonical, 0 of them dependent, 0 errored
-- summary --
  0 bound, 0 deferred (overload sets), 0 unresolved

===== SEMA fid 2: Tests/Sema/Imports/imports_all_forms/bar.k =====
phase: Checked
-- lang items (well_known) --
  (none bound: no prelude in scope for this TU   expected, not an error)
-- scope symbol tables (what each scope declares) --
  <tu>   [1 name(s)]
    f           -> fn f @ 8:5
-- multi-decl names (overload sets / redecl chains) --
-- out-of-line definitions --
  (none)
-- lexical scopes (declarations & shadowing) --
  fn f  @ 8:5
-- name bindings --
  (no identifier uses)
-- expression types --
  <tu>::f
    IntegerLiteralExpr      @ 8:28     : i32
  1 typed, 0 unknown, 0 errored
-- inferred decls --
  (none: every declaration wrote its own type)
-- types --
  1 type node(s): 1 canonical, 0 of them dependent, 0 errored
-- summary --
  0 bound, 0 deferred (overload sets), 0 unresolved

===== SEMA fid 1: Tests/Sema/Imports/imports_all_forms/foo.k =====
phase: Checked
-- lang items (well_known) --
  (none bound: no prelude in scope for this TU   expected, not an error)
-- scope symbol tables (what each scope declares) --
  <tu>   [3 name(s)]
    add         -> fn add @ 11:5
    MyClass     -> class MyClass @ 13:5
    inner       -> module inner @ 17:5
  <tu>::MyClass   [1 name(s)]
    v           -> field v @ 14:11
  <tu>::inner   [1 name(s)]
    g           -> fn g @ 18:9
-- multi-decl names (overload sets / redecl chains) --
-- out-of-line definitions --
  (none)
-- lexical scopes (declarations & shadowing) --
  fn add  @ 11:5
    declare a           = param a @ 11:12
    declare b           = param b @ 11:20
    use     a           @ 11:44    -> param a @ 11:12  [local frame 0]
    use     b           @ 11:48    -> param b @ 11:20  [local frame 0]
  fn inner::g  @ 18:9
-- name bindings --
  <tu>::add
    a           @ 11:44    -> param a @ 11:12  [local frame 0]
    b           @ 11:48    -> param b @ 11:20  [local frame 0]
-- expression types --
  <tu>::add
    BinaryOperatorExpr      @ 11:44    : i32
    NamedIdentExpr          @ 11:44    : i32
    NamedIdentExpr          @ 11:48    : i32
  <tu>::inner::g
    IntegerLiteralExpr      @ 18:32    : i32
  4 typed, 0 unknown, 0 errored
-- inferred decls --
  (none: every declaration wrote its own type)
-- types --
  5 type node(s): 5 canonical, 0 of them dependent, 0 errored
-- summary --
  2 bound, 0 deferred (overload sets), 0 unresolved

===== SEMA fid 0: Tests/Sema/Imports/imports_all_forms/main.k =====
phase: TypesResolved   (2 sema error(s))
-- lang items (well_known) --
  (none bound: no prelude in scope for this TU   expected, not an error)
-- scope symbol tables (what each scope declares) --
  <tu>   [1 name(s)]
    use_all     -> fn use_all @ 36:1
-- multi-decl names (overload sets / redecl chains) --
-- out-of-line definitions --
  (none)
-- lexical scopes (declarations & shadowing) --
  fn use_all  @ 36:1
    declare m           = var m @ 38:5
    use     cstd        @ 42:5     -> module c_stub @ 1:1  [import overlay]
    member  ::printf    @ 42:11    -> fn printf @ 8:1
    use     foo         @ 44:14    -> module foo @ 1:1  [import overlay]
    member  ::add       @ 44:19    -> fn add @ 11:5
    declare a1          = var a1 @ 44:5
    use     fmod        @ 45:14    -> module foo @ 1:1  [import overlay]
    member  ::add       @ 45:20    -> fn add @ 11:5
    declare a2          = var a2 @ 45:5
    use     my_add      @ 46:14    -> fn add @ 11:5  [import overlay]
    declare a3          = var a3 @ 46:5
    use     plus        @ 47:14    -> fn add @ 11:5  [import overlay]
    declare a4          = var a4 @ 47:5
    use     inner       @ 48:14    -> module inner @ 17:5  [import overlay]
    member  ::g         @ 48:21    -> fn g @ 18:9  [member of inner]
    declare a5          = var a5 @ 48:5
    use     add         @ 49:14    -> fn add @ 11:5  [import overlay]
    declare a6          = var a6 @ 49:5
    use     foo         @ 50:14    -> module foo @ 1:1  [import overlay]
    member  ::f         @ 50:19    -> fn f @ 8:5
    declare a7          = var a7 @ 50:5
    use     util        @ 51:14    -> 2 candidate(s), deferred to overload resolution  [import overlay]
    member  ::one       @ 51:20    -> fn one @ 8:9  [member of util]
    declare a8          = var a8 @ 51:5
    use     util        @ 52:14    -> 2 candidate(s), deferred to overload resolution  [import overlay]
    member  ::two       @ 52:20    -> fn two @ 9:9  [member of util]
    declare a9          = var a9 @ 52:5
    use     m           @ 53:15    -> var m @ 38:5  [local frame 0]
    member  .v          @ 53:17    -> field v @ 14:11  [member of MyClass]
    declare a10         = var a10 @ 53:5
    use     foo         @ 56:14    -> module foo @ 1:1  [import overlay]
    member  ::h         @ 56:19    <UNRESOLVED>  (diagnosed)
    declare e1          = var e1 @ 56:5
    use     foo         @ 57:14    -> module foo @ 1:1  [import overlay]
    member  ::addd      @ 57:19    <UNRESOLVED>  (diagnosed)
    declare e2          = var e2 @ 57:5
    use     a1          @ 59:12    -> var a1 @ 44:5  [local frame 0]
    use     a2          @ 59:17    -> var a2 @ 45:5  [local frame 0]
    use     a3          @ 59:22    -> var a3 @ 46:5  [local frame 0]
    use     a4          @ 59:27    -> var a4 @ 47:5  [local frame 0]
    use     a5          @ 59:32    -> var a5 @ 48:5  [local frame 0]
    use     a6          @ 59:37    -> var a6 @ 49:5  [local frame 0]
    use     a7          @ 59:42    -> var a7 @ 50:5  [local frame 0]
    use     a8          @ 59:47    -> var a8 @ 51:5  [local frame 0]
    use     a9          @ 59:52    -> var a9 @ 52:5  [local frame 0]
    use     a10         @ 59:57    -> var a10 @ 53:5  [local frame 0]
    use     e1          @ 59:63    -> var e1 @ 56:5  [local frame 0]
    use     e2          @ 59:68    -> var e2 @ 57:5  [local frame 0]
-- name bindings --
  <tu>::use_all
    cstd        @ 42:5     -> module c_stub @ 1:1  [import overlay]
    ::printf    @ 42:11    -> fn printf @ 8:1
    foo         @ 44:14    -> module foo @ 1:1  [import overlay]
    ::add       @ 44:19    -> fn add @ 11:5
    fmod        @ 45:14    -> module foo @ 1:1  [import overlay]
    ::add       @ 45:20    -> fn add @ 11:5
    my_add      @ 46:14    -> fn add @ 11:5  [import overlay]
    plus        @ 47:14    -> fn add @ 11:5  [import overlay]
    inner       @ 48:14    -> module inner @ 17:5  [import overlay]
    ::g         @ 48:21    -> fn g @ 18:9
    add         @ 49:14    -> fn add @ 11:5  [import overlay]
    foo         @ 50:14    -> module foo @ 1:1  [import overlay]
    ::f         @ 50:19    -> fn f @ 8:5
    util        @ 51:14    -> 2 candidate(s), awaiting overload resolution  [import overlay]
        - module util @ 7:5
        - module util @ 8:5
    ::one       @ 51:20    -> fn one @ 8:9
    util        @ 52:14    -> 2 candidate(s), awaiting overload resolution  [import overlay]
        - module util @ 7:5
        - module util @ 8:5
    ::two       @ 52:20    -> fn two @ 9:9
    m           @ 53:15    -> var m @ 38:5  [local frame 0]
    .v          @ 53:17    -> field v @ 14:11
    foo         @ 56:14    -> module foo @ 1:1  [import overlay]
    ::h         @ 56:19    <UNRESOLVED>  (diagnosed)
    foo         @ 57:14    -> module foo @ 1:1  [import overlay]
    ::addd      @ 57:19    <UNRESOLVED>  (diagnosed)
    a1          @ 59:12    -> var a1 @ 44:5  [local frame 0]
    a2          @ 59:17    -> var a2 @ 45:5  [local frame 0]
    a3          @ 59:22    -> var a3 @ 46:5  [local frame 0]
    a4          @ 59:27    -> var a4 @ 47:5  [local frame 0]
    a5          @ 59:32    -> var a5 @ 48:5  [local frame 0]
    a6          @ 59:37    -> var a6 @ 49:5  [local frame 0]
    a7          @ 59:42    -> var a7 @ 50:5  [local frame 0]
    a8          @ 59:47    -> var a8 @ 51:5  [local frame 0]
    a9          @ 59:52    -> var a9 @ 52:5  [local frame 0]
    a10         @ 59:57    -> var a10 @ 53:5  [local frame 0]
    e1          @ 59:63    -> var e1 @ 56:5  [local frame 0]
    e2          @ 59:68    -> var e2 @ 57:5  [local frame 0]
-- expression types --
  <tu>::use_all
    CallExpr                @ 42:5     : <no type: callable/type/module>
    ChainExpr               @ 42:5     : <no type: callable/type/module>
    NamedIdentExpr          @ 42:5     : <no type: callable/type/module>
    StringLiteralExpr       @ 42:18    : <no type: callable/type/module>
    CallExpr                @ 44:14    : <no type: callable/type/module>
    ChainExpr               @ 44:14    : <no type: callable/type/module>
    NamedIdentExpr          @ 44:14    : <no type: callable/type/module>
    IntegerLiteralExpr      @ 44:23    : <no type: callable/type/module>
    IntegerLiteralExpr      @ 44:26    : <no type: callable/type/module>
    CallExpr                @ 45:14    : <no type: callable/type/module>
    ChainExpr               @ 45:14    : <no type: callable/type/module>
    NamedIdentExpr          @ 45:14    : <no type: callable/type/module>
    IntegerLiteralExpr      @ 45:24    : <no type: callable/type/module>
    IntegerLiteralExpr      @ 45:27    : <no type: callable/type/module>
    CallExpr                @ 46:14    : <no type: callable/type/module>
    NamedIdentExpr          @ 46:14    : <no type: callable/type/module>
    IntegerLiteralExpr      @ 46:21    : <no type: callable/type/module>
    IntegerLiteralExpr      @ 46:24    : <no type: callable/type/module>
    CallExpr                @ 47:14    : <no type: callable/type/module>
    NamedIdentExpr          @ 47:14    : <no type: callable/type/module>
    IntegerLiteralExpr      @ 47:19    : <no type: callable/type/module>
    IntegerLiteralExpr      @ 47:22    : <no type: callable/type/module>
    CallExpr                @ 48:14    : <no type: callable/type/module>
    ChainExpr               @ 48:14    : <no type: callable/type/module>
    NamedIdentExpr          @ 48:14    : <no type: callable/type/module>
    CallExpr                @ 49:14    : <no type: callable/type/module>
    NamedIdentExpr          @ 49:14    : <no type: callable/type/module>
    IntegerLiteralExpr      @ 49:18    : <no type: callable/type/module>
    IntegerLiteralExpr      @ 49:21    : <no type: callable/type/module>
    CallExpr                @ 50:14    : <no type: callable/type/module>
    ChainExpr               @ 50:14    : <no type: callable/type/module>
    NamedIdentExpr          @ 50:14    : <no type: callable/type/module>
    CallExpr                @ 51:14    : <no type: callable/type/module>
    ChainExpr               @ 51:14    : <no type: callable/type/module>
    NamedIdentExpr          @ 51:14    : <no type: callable/type/module>
    CallExpr                @ 52:14    : <no type: callable/type/module>
    ChainExpr               @ 52:14    : <no type: callable/type/module>
    NamedIdentExpr          @ 52:14    : <no type: callable/type/module>
    ChainExpr               @ 53:15    : <no type: callable/type/module>
    NamedIdentExpr          @ 53:15    : <no type: callable/type/module>
    CallExpr                @ 56:14    : <no type: callable/type/module>
    ChainExpr               @ 56:14    : <no type: callable/type/module>
    NamedIdentExpr          @ 56:14    : <no type: callable/type/module>
    CallExpr                @ 57:14    : <no type: callable/type/module>
    ChainExpr               @ 57:14    : <no type: callable/type/module>
    NamedIdentExpr          @ 57:14    : <no type: callable/type/module>
    IntegerLiteralExpr      @ 57:24    : <no type: callable/type/module>
    IntegerLiteralExpr      @ 57:27    : <no type: callable/type/module>
    BinaryOperatorExpr      @ 59:12    : <no type: callable/type/module>
    BinaryOperatorExpr      @ 59:12    : <no type: callable/type/module>
    BinaryOperatorExpr      @ 59:12    : <no type: callable/type/module>
    BinaryOperatorExpr      @ 59:12    : <no type: callable/type/module>
    BinaryOperatorExpr      @ 59:12    : <no type: callable/type/module>
    BinaryOperatorExpr      @ 59:12    : <no type: callable/type/module>
    BinaryOperatorExpr      @ 59:12    : <no type: callable/type/module>
    BinaryOperatorExpr      @ 59:12    : <no type: callable/type/module>
    BinaryOperatorExpr      @ 59:12    : <no type: callable/type/module>
    BinaryOperatorExpr      @ 59:12    : <no type: callable/type/module>
    BinaryOperatorExpr      @ 59:12    : <no type: callable/type/module>
    NamedIdentExpr          @ 59:12    : <no type: callable/type/module>
    NamedIdentExpr          @ 59:17    : <no type: callable/type/module>
    NamedIdentExpr          @ 59:22    : <no type: callable/type/module>
    NamedIdentExpr          @ 59:27    : <no type: callable/type/module>
    NamedIdentExpr          @ 59:32    : <no type: callable/type/module>
    NamedIdentExpr          @ 59:37    : <no type: callable/type/module>
    NamedIdentExpr          @ 59:42    : <no type: callable/type/module>
    NamedIdentExpr          @ 59:47    : <no type: callable/type/module>
    NamedIdentExpr          @ 59:52    : <no type: callable/type/module>
    NamedIdentExpr          @ 59:57    : <no type: callable/type/module>
    NamedIdentExpr          @ 59:63    : <no type: callable/type/module>
    NamedIdentExpr          @ 59:68    : <no type: callable/type/module>
  (no expressions)
-- inferred decls --
  (none: every declaration wrote its own type)
-- types --
  2 type node(s): 2 canonical, 0 of them dependent, 0 errored
-- summary --
  23 bound, 2 deferred (overload sets), 0 unresolved
  10 chain step(s): 8 bound, 0 overload sets, 0 open, 2 unresolved

